// Jest Snapshot v1, https://goo.gl/fbAQLP

exports[`<Header /> should be render the component 1`] = `
.c0 {
  width: 100%;
  height: 6rem;
  background-color: #303030;
  position: fixed;
}

.c1 {
  height: 100%;
  display: -webkit-box;
  display: -webkit-flex;
  display: -ms-flexbox;
  display: flex;
  -webkit-align-items: center;
  -webkit-box-align: center;
  -ms-flex-align: center;
  align-items: center;
}

<div
  class="c0"
>
  <div
    class="c1"
  >
    <p>
      text element
    </p>
  </div>
</div>
`;
